   Γû▓ Next.js 15.5.2
   - Environments: .env.local

   Creating an optimized production build ...
 Γ£ô Compiled successfully in 3.1s
   Linting and checking validity of types ...
node.exe : 
At C:\Program Files\nodejs\npx.ps1:29 char:3
+   & $NODE_EXE $NPX_CLI_JS $args
+   ~~~~~~~~~~~~~~~~~~~~~~~~~~~~~
    + CategoryInfo          : NotSpecified: (:String) [], RemoteException
    + FullyQualifiedErrorId : NativeCommandError
 
Failed to compile.

./src/app/admin/cm-secret-panel/page.tsx
106:18  Warning: '_' is defined but never used.  
@typescript-eslint/no-unused-vars

./src/app/api/auth/refresh/route.ts
41:18  Warning: 'error' is defined but never used.  
@typescript-eslint/no-unused-vars

./src/app/api/orders/[id]/route.ts
4:10  Warning: 'Product' is defined but never used.  
@typescript-eslint/no-unused-vars
5:10  Warning: 'User' is defined but never used.  
@typescript-eslint/no-unused-vars

./src/app/browse/page.tsx
22:5  Warning: 'ChevronDown' is defined but never used.  
@typescript-eslint/no-unused-vars
58:1  Warning: Unused eslint-disable directive (no problems were reported from 
'@typescript-eslint/no-explicit-any').
134:9  Warning: Unused eslint-disable directive (no problems were reported 
from 'react-hooks/exhaustive-deps').

./src/app/checkout/[productId]/page.tsx
295:33  Warning: Using `<img>` could result in slower LCP and higher 
bandwidth. Consider using `<Image />` from `next/image` or a custom image 
loader to automatically optimize images. This may incur additional usage or 
cost from your provider. See: https://nextjs.org/docs/messages/no-img-element  
@next/next/no-img-element
400:33  Warning: Using `<img>` could result in slower LCP and higher 
bandwidth. Consider using `<Image />` from `next/image` or a custom image 
loader to automatically optimize images. This may incur additional usage or 
cost from your provider. See: https://nextjs.org/docs/messages/no-img-element  
@next/next/no-img-element

./src/app/dashboard/page.tsx
315:45  Warning: Using `<img>` could result in slower LCP and higher 
bandwidth. Consider using `<Image />` from `next/image` or a custom image 
loader to automatically optimize images. This may incur additional usage or 
cost from your provider. See: https://nextjs.org/docs/messages/no-img-element  
@next/next/no-img-element
360:45  Warning: Using `<img>` could result in slower LCP and higher 
bandwidth. Consider using `<Image />` from `next/image` or a custom image 
loader to automatically optimize images. This may incur additional usage or 
cost from your provider. See: https://nextjs.org/docs/messages/no-img-element  
@next/next/no-img-element
429:45  Warning: Using `<img>` could result in slower LCP and higher 
bandwidth. Consider using `<Image />` from `next/image` or a custom image 
loader to automatically optimize images. This may incur additional usage or 
cost from your provider. See: https://nextjs.org/docs/messages/no-img-element  
@next/next/no-img-element

./src/app/login/page.tsx
116:24  Error: `'` can be escaped with `&apos;`, `&lsquo;`, `&#39;`, 
`&rsquo;`.  react/no-unescaped-entities

./src/app/product/[id]/page.tsx
67:11  Warning: 'router' is assigned a value but never used.  
@typescript-eslint/no-unused-vars
147:29  Warning: Using `<img>` could result in slower LCP and higher 
bandwidth. Consider using `<Image />` from `next/image` or a custom image 
loader to automatically optimize images. This may incur additional usage or 
cost from your provider. See: https://nextjs.org/docs/messages/no-img-element  
@next/next/no-img-element
194:41  Warning: Using `<img>` could result in slower LCP and higher 
bandwidth. Consider using `<Image />` from `next/image` or a custom image 
loader to automatically optimize images. This may incur additional usage or 
cost from your provider. See: https://nextjs.org/docs/messages/no-img-element  
@next/next/no-img-element
312:45  Error: `"` can be escaped with `&quot;`, `&ldquo;`, `&#34;`, 
`&rdquo;`.  react/no-unescaped-entities
312:69  Error: `"` can be escaped with `&quot;`, `&ldquo;`, `&#34;`, 
`&rdquo;`.  react/no-unescaped-entities

./src/app/profile/page.tsx
71:8  Warning: React Hook useEffect has a missing dependency: 'fetchProfile'. 
Either include it or remove the dependency array.  react-hooks/exhaustive-deps

./src/app/refunds/page.tsx
7:5  Warning: 'ShieldCheck' is defined but never used.  
@typescript-eslint/no-unused-vars
8:5  Warning: 'RotateCcw' is defined but never used.  
@typescript-eslint/no-unused-vars

./src/app/register/page.tsx
10:48  Warning: 'GraduationCap' is defined but never used.  
@typescript-eslint/no-unused-vars

./src/app/sell/page.tsx
257:45  Warning: Using `<img>` could result in slower LCP and higher 
bandwidth. Consider using `<Image />` from `next/image` or a custom image 
loader to automatically optimize images. This may incur additional usage or 
cost from your provider. See: https://nextjs.org/docs/messages/no-img-element  
@next/next/no-img-element
321:52  Error: `'` can be escaped with `&apos;`, `&lsquo;`, `&#39;`, 
`&rsquo;`.  react/no-unescaped-entities
446:45  Warning: Using `<img>` could result in slower LCP and higher 
bandwidth. Consider using `<Image />` from `next/image` or a custom image 
loader to automatically optimize images. This may incur additional usage or 
cost from your provider. See: https://nextjs.org/docs/messages/no-img-element  
@next/next/no-img-element
474:95  Error: `"` can be escaped with `&quot;`, `&ldquo;`, `&#34;`, 
`&rdquo;`.  react/no-unescaped-entities
474:120  Error: `"` can be escaped with `&quot;`, `&ldquo;`, `&#34;`, 
`&rdquo;`.  react/no-unescaped-entities
482:70  Error: `'` can be escaped with `&apos;`, `&lsquo;`, `&#39;`, 
`&rsquo;`.  react/no-unescaped-entities

./src/components/AgreementModal.tsx
76:5  Warning: 'sellerFee' is defined but never used.  
@typescript-eslint/no-unused-vars

./src/components/Footer.tsx
5:10  Warning: 'ShoppingBag' is defined but never used.  
@typescript-eslint/no-unused-vars
35:29  Warning: Using `<img>` could result in slower LCP and higher bandwidth. 
Consider using `<Image />` from `next/image` or a custom image loader to 
automatically optimize images. This may incur additional usage or cost from 
your provider. See: https://nextjs.org/docs/messages/no-img-element  
@next/next/no-img-element

./src/components/Navbar.tsx
91:25  Warning: Using `<img>` could result in slower LCP and higher bandwidth. 
Consider using `<Image />` from `next/image` or a custom image loader to 
automatically optimize images. This may incur additional usage or cost from 
your provider. See: https://nextjs.org/docs/messages/no-img-element  
@next/next/no-img-element

./src/components/ProductCard.tsx
54:21  Warning: Using `<img>` could result in slower LCP and higher bandwidth. 
Consider using `<Image />` from `next/image` or a custom image loader to 
automatically optimize images. This may incur additional usage or cost from 
your provider. See: https://nextjs.org/docs/messages/no-img-element  
@next/next/no-img-element

./src/components/ui/Avatar.tsx
47:13  Warning: Using `<img>` could result in slower LCP and higher bandwidth. 
Consider using `<Image />` from `next/image` or a custom image loader to 
automatically optimize images. This may incur additional usage or cost from 
your provider. See: https://nextjs.org/docs/messages/no-img-element  
@next/next/no-img-element

./src/context/AuthContext.tsx
113:8  Warning: React Hook useCallback has a missing dependency: 
'scheduleRefresh'. Either include it or remove the dependency array.  
react-hooks/exhaustive-deps

info  - Need to disable some ESLint rules? Learn more here: 
https://nextjs.org/docs/app/api-reference/config/eslint#disabling-rules
